2026-09-04T22:08:47Z INF Thank you for trying Cloudflare Tunnel. Doing so, without a Cloudflare account, is a quick way to experiment and try it out. However, be aware that these account-less Tunnels have no uptime guarantee, are subject to the Cloudflare Online Services Terms of Use (https://www.cloudflare.com/website-terms/), and Cloudflare reserves the right to investigate your use of Tunnels for violations of such terms. If you intend to use Tunnels in production you should use a pre-created named tunnel by following: https://developers.cloudflare.com/cloudflare-one/connections/connect-apps
2026-09-04T22:08:47Z INF Requesting new quick Tunnel on trycloudflare.com...
2026-09-04T22:08:49Z INF +--------------------------------------------------------------------------------------------+
2026-09-04T22:08:49Z INF |  Your quick Tunnel has been created! Visit it at (it may take some time to be reachable):  |
2026-09-04T22:08:49Z INF |  https://blackjack-subscriptions-advice-majority.trycloudflare.com                         |
2026-09-04T22:08:49Z INF +--------------------------------------------------------------------------------------------+
2026-09-04T22:08:49Z INF Cannot determine default configuration path. No file [config.yml config.yaml] in [~/.cloudflared ~/.cloudflare-warp ~/cloudflare-warp]
2026-09-04T22:08:49Z INF Version 2026.8.3 (Checksum 83e726ed18ea78c5ad5213c4c3a3a27051393950d2bc8ed4de69bec12d14eaae)
2026-09-04T22:08:49Z INF GOOS: windows, GOVersion: go1.26.4, GoArch: amd64
2026-09-04T22:08:49Z INF Settings: map[ha-connections:1 no-autoupdate:true protocol:quic url:http://localhost:8080]
2026-09-04T22:08:49Z INF cloudflared will not automatically update on Windows systems.
2026-09-04T22:08:49Z INF Generated Connector ID: 40a5473c-39f2-4bef-9546-b6aa4b4ceacb
2026-09-04T22:08:49Z INF Initial protocol quic
2026-09-04T22:08:49Z INF ICMP proxy will use 10.0.0.114 as source for IPv4
2026-09-04T22:08:49Z INF ICMP proxy will use 2601:8c:4c00:4fe0::566 in zone Ethernet as source for IPv6
2026-09-04T22:08:49Z INF cloudflared does not support loading the system root certificate pool on Windows. Please use --origin-ca-pool <PATH> to specify the path to the certificate pool
2026-09-04T22:08:49Z INF ICMP proxy will use 10.0.0.114 as source for IPv4
2026-09-04T22:08:49Z INF Tunnel connection curve preferences: [X25519MLKEM768 CurveID(65074) CurveP256] connIndex=0 event=0 ip=2606:4700:a8::5
2026-09-04T22:08:49Z INF ICMP proxy will use 2601:8c:4c00:4fe0::566 in zone Ethernet as source for IPv6
2026-09-04T22:08:49Z INF Starting metrics server on 127.0.0.1:20241/metrics
2026-09-04T22:08:50Z INF +-------------------------------------------------------------------------------------+
2026-09-04T22:08:50Z INF |                               CONNECTIVITY PRE-CHECKS                               |
2026-09-04T22:08:50Z INF +-------------------------------------------------------------------------------------+
2026-09-04T22:08:50Z INF |  COMPONENT         TARGET                     STATUS  DETAILS                       |
2026-09-04T22:08:50Z INF |  DNS Resolution    region1.v2.argotunnel.com  PASS    DNS Resolved successfully     |
2026-09-04T22:08:50Z INF |  DNS Resolution    region2.v2.argotunnel.com  PASS    DNS Resolved successfully     |
2026-09-04T22:08:50Z INF |  UDP Connectivity  region1.v2.argotunnel.com  PASS    QUIC connection successful    |
2026-09-04T22:08:50Z INF |  UDP Connectivity  region2.v2.argotunnel.com  PASS    QUIC connection successful    |
2026-09-04T22:08:50Z INF |  TCP Connectivity  region1.v2.argotunnel.com  PASS    HTTP/2 connection successful  |
2026-09-04T22:08:50Z INF |  TCP Connectivity  region2.v2.argotunnel.com  PASS    HTTP/2 connection successful  |
2026-09-04T22:08:50Z INF |  Cloudflare API    api.cloudflare.com:443     PASS    API is reachable              |
2026-09-04T22:08:50Z INF |                                                                                     |
2026-09-04T22:08:50Z INF |  SUMMARY: Environment is healthy. cloudflared will use 'quic' as primary protocol.  |
2026-09-04T22:08:50Z INF +-------------------------------------------------------------------------------------+
2026-09-04T22:08:50Z INF precheck component="DNS Resolution" details="DNS Resolved successfully" run_id=b7e45454-f80a-4e0b-9188-2b70f4716237 status=pass target=region1.v2.argotunnel.com
2026-09-04T22:08:50Z INF precheck component="DNS Resolution" details="DNS Resolved successfully" run_id=b7e45454-f80a-4e0b-9188-2b70f4716237 status=pass target=region2.v2.argotunnel.com
2026-09-04T22:08:50Z INF precheck component="UDP Connectivity" details="QUIC connection successful" run_id=b7e45454-f80a-4e0b-9188-2b70f4716237 status=pass target=region1.v2.argotunnel.com
2026-09-04T22:08:50Z INF precheck component="UDP Connectivity" details="QUIC connection successful" run_id=b7e45454-f80a-4e0b-9188-2b70f4716237 status=pass target=region2.v2.argotunnel.com
2026-09-04T22:08:50Z INF precheck component="TCP Connectivity" details="HTTP/2 connection successful" run_id=b7e45454-f80a-4e0b-9188-2b70f4716237 status=pass target=region1.v2.argotunnel.com
2026-09-04T22:08:50Z INF precheck component="TCP Connectivity" details="HTTP/2 connection successful" run_id=b7e45454-f80a-4e0b-9188-2b70f4716237 status=pass target=region2.v2.argotunnel.com
2026-09-04T22:08:50Z INF precheck component="Cloudflare API" details="API is reachable" run_id=b7e45454-f80a-4e0b-9188-2b70f4716237 status=pass target=api.cloudflare.com:443
2026-09-04T22:08:50Z INF precheck complete hard_fail=false run_id=b7e45454-f80a-4e0b-9188-2b70f4716237 suggested_protocol=quic
2026-09-04T22:08:50Z INF Registered tunnel connection connIndex=0 connection=07b757c8-1df1-4a53-b3ea-d1ba6c18df67 event=0 ip=2606:4700:a8::5 location=ewr12 protocol=quic
